
Prepare Commit Message
======================

 The following prompts will help you create a commit message that
 follows the Conventional Commits specification.

 What is the type of change you're committing? (e.g., feat, fix, etc.) [feat]:
 > 
 What is the scope of this change (e.g., component or file name)?:
 > 
 Write a short description of the change:
 > 
 You may provide a longer description of the change:
 > 
 Are there any breaking changes? (yes/no) [no]:
 > 
 Describe the breaking changes:
 > 
 Does this change affect any open issues? (yes/no) [no]:
 > 
 What is the issue reference type? (e.g., fix, re):
 > 
 Enter the issue identifier (do not include a preceding #-symbol):
 > 
 What is the issue reference type? (e.g., fix, re):
 > 
 Enter the issue identifier (do not include a preceding #-symbol):
 > 
 What is the issue reference type? (e.g., fix, re):
 > 
 Would you like to add any footers? (e.g., Signed-off-by, See-also) (yes/no) [no]:
 > 
 To add a footer, provide a footer name, or press ENTER to skip (e.g., Signed-off-by):
 > 
 Provide a value for the footer See-also:
 > 
 To add a footer, provide a footer name, or press ENTER to skip (e.g., Signed-off-by):
 > 
Commit Message
--------------

 fix(config)!: use the correct config value                                     
                                                                                
 Lorem ipsum dolor sit amet, consectetur adipiscing elit. Etiam id lorem urna.  
 Vivamus mollis arcu id maximus mattis. Nunc cursus dolor ac eros facilisis     
 sodales. Nulla facilisi. Vestibulum semper nec nibh sit amet maximus. Phasellus
 nec arcu nulla. Mauris neque nunc, accumsan ut maximus eget, pellentesque porta
 ante. Pellentesque lacinia bibendum ipsum, sit amet faucibus est tincidunt et. 
 Curabitur tempus ultrices commodo.                                             
                                                                                
 BREAKING CHANGE: Lorem ipsum dolor sit amet                                    
 fix #4001                                                                      
 re #5001                                                                       
 See-also: https://example.com/foo                                              
                                                                                

