
Prepare Commit Message
======================

 The following prompts will help you create a commit message that
 follows the Conventional Commits specification.

 What is the type of change you're committing? (e.g., feat, fix, etc.) [feat]:
 > 
 What is the scope of this change (e.g., component or file name)?:
 > 
 Write a short description of the change:
 > 
 You may provide a longer description of the change:
 > 
 Are there any breaking changes? (yes/no) [no]:
 > 
 Does this change affect any open issues? (yes/no) [no]:
 > 
 Would you like to add any footers? (e.g., Signed-off-by, See-also) (yes/no) [no]:
 > 

Commit Message
--------------

 feat: this is a test                                                                                                   
                                                                                                                        

